Archive member included because of file (symbol)

d:/winavr/bin/../lib/gcc/avr/4.3.2/avr5\libgcc.a(_exit.o)
                              d:/winavr/bin/../lib/gcc/avr/4.3.2/../../../../avr/lib/avr5/crtm168.o (exit)
d:/winavr/bin/../lib/gcc/avr/4.3.2/avr5\libgcc.a(_copy_data.o)
                              main.o (__do_copy_data)
d:/winavr/bin/../lib/gcc/avr/4.3.2/avr5\libgcc.a(_clear_bss.o)
                              main.o (__do_clear_bss)

Allocating common symbols
Common symbol       size              file

usbTxBuf            0xb               main.o
usbDeviceAddr       0x1               main.o
usbRxToken          0x1               main.o
usbInputBufOffset   0x1               main.o
usbMsgPtr           0x2               main.o
usbRxLen            0x1               main.o
usbNewDeviceAddr    0x1               main.o
usbCurrentTok       0x1               main.o
usbConfiguration    0x1               main.o
usbRxBuf            0x16              main.o

Memory Configuration

Name             Origin             Length             Attributes
text             0x00000000         0x00020000         xr
data             0x00800060         0x0000ffa0         rw !x
eeprom           0x00810000         0x00010000         rw !x
fuse             0x00820000         0x00000400         rw !x
lock             0x00830000         0x00000400         rw !x
signature        0x00840000         0x00000400         rw !x
*default*        0x00000000         0xffffffff

Linker script and memory map

Address of section .data set to 0x800100
LOAD d:/winavr/bin/../lib/gcc/avr/4.3.2/../../../../avr/lib/avr5/crtm168.o
Address of section .text set to 0x3800
LOAD main.o
LOAD usbdrvasm.o
LOAD d:/winavr/bin/../lib/gcc/avr/4.3.2/avr5\libgcc.a
LOAD d:/winavr/bin/../lib/gcc/avr/4.3.2/../../../../avr/lib/avr5\libc.a
LOAD d:/winavr/bin/../lib/gcc/avr/4.3.2/avr5\libgcc.a

.hash
 *(.hash)

.dynsym
 *(.dynsym)

.dynstr
 *(.dynstr)

.gnu.version
 *(.gnu.version)

.gnu.version_d
 *(.gnu.version_d)

.gnu.version_r
 *(.gnu.version_r)

.rel.init
 *(.rel.init)

.rela.init
 *(.rela.init)

.rel.text
 *(.rel.text)
 *(.rel.text.*)
 *(.rel.gnu.linkonce.t*)

.rela.text
 *(.rela.text)
 *(.rela.text.*)
 *(.rela.gnu.linkonce.t*)

.rel.fini
 *(.rel.fini)

.rela.fini
 *(.rela.fini)

.rel.rodata
 *(.rel.rodata)
 *(.rel.rodata.*)
 *(.rel.gnu.linkonce.r*)

.rela.rodata
 *(.rela.rodata)
 *(.rela.rodata.*)
 *(.rela.gnu.linkonce.r*)

.rel.data
 *(.rel.data)
 *(.rel.data.*)
 *(.rel.gnu.linkonce.d*)

.rela.data
 *(.rela.data)
 *(.rela.data.*)
 *(.rela.gnu.linkonce.d*)

.rel.ctors
 *(.rel.ctors)

.rela.ctors
 *(.rela.ctors)

.rel.dtors
 *(.rel.dtors)

.rela.dtors
 *(.rela.dtors)

.rel.got
 *(.rel.got)

.rela.got
 *(.rela.got)

.rel.bss
 *(.rel.bss)

.rela.bss
 *(.rela.bss)

.rel.plt
 *(.rel.plt)

.rela.plt
 *(.rela.plt)

.text           0x00003800      0x7ae
 *(.vectors)
 .vectors       0x00003800       0x68 d:/winavr/bin/../lib/gcc/avr/4.3.2/../../../../avr/lib/avr5/crtm168.o
                0x00003800                __vectors
                0x00003800                __vector_default
 *(.vectors)
 *(.progmem.gcc*)
 *(.progmem*)
 .progmem.data  0x00003868       0x81 main.o
                0x00003894                usbDescriptorDevice
                0x00003868                usbDescriptorString0
                0x000038c8                usbDescriptorHidReport
                0x000038a6                usbDescriptorConfiguration
                0x0000386c                usbDescriptorStringVendor
                0x00003876                usbDescriptorStringDevice
                0x000038ea                . = ALIGN (0x2)
 *fill*         0x000038e9        0x1 00
                0x000038ea                __trampolines_start = .
 *(.trampolines)
 .trampolines   0x000038ea        0x0 linker stubs
 *(.trampolines*)
                0x000038ea                __trampolines_end = .
 *(.jumptables)
 *(.jumptables*)
 *(.lowtext)
 *(.lowtext*)
                0x000038ea                __ctors_start = .
 *(.ctors)
                0x000038ea                __ctors_end = .
                0x000038ea                __dtors_start = .
 *(.dtors)
                0x000038ea                __dtors_end = .
 SORT(*)(.ctors)
 SORT(*)(.dtors)
 *(.init0)
 .init0         0x000038ea        0x0 d:/winavr/bin/../lib/gcc/avr/4.3.2/../../../../avr/lib/avr5/crtm168.o
                0x000038ea                __init
 *(.init0)
 *(.init1)
 *(.init1)
 *(.init2)
 .init2         0x000038ea        0xc d:/winavr/bin/../lib/gcc/avr/4.3.2/../../../../avr/lib/avr5/crtm168.o
 *(.init2)
 *(.init3)
 *(.init3)
 *(.init4)
 .init4         0x000038f6       0x16 d:/winavr/bin/../lib/gcc/avr/4.3.2/avr5\libgcc.a(_copy_data.o)
                0x000038f6                __do_copy_data
 .init4         0x0000390c       0x10 d:/winavr/bin/../lib/gcc/avr/4.3.2/avr5\libgcc.a(_clear_bss.o)
                0x0000390c                __do_clear_bss
 *(.init4)
 *(.init5)
 *(.init5)
 *(.init6)
 *(.init6)
 *(.init7)
 *(.init7)
 *(.init8)
 *(.init8)
 *(.init9)
 .init9         0x0000391c        0x8 d:/winavr/bin/../lib/gcc/avr/4.3.2/../../../../avr/lib/avr5/crtm168.o
 *(.init9)
 *(.text)
 .text          0x00003924        0x4 d:/winavr/bin/../lib/gcc/avr/4.3.2/../../../../avr/lib/avr5/crtm168.o
                0x00003924                __vector_22
                0x00003924                __vector_24
                0x00003924                __vector_12
                0x00003924                __bad_interrupt
                0x00003924                __vector_6
                0x00003924                __vector_3
                0x00003924                __vector_23
                0x00003924                __vector_25
                0x00003924                __vector_11
                0x00003924                __vector_13
                0x00003924                __vector_17
                0x00003924                __vector_19
                0x00003924                __vector_7
                0x00003924                __vector_5
                0x00003924                __vector_4
                0x00003924                __vector_9
                0x00003924                __vector_2
                0x00003924                __vector_21
                0x00003924                __vector_15
                0x00003924                __vector_8
                0x00003924                __vector_14
                0x00003924                __vector_10
                0x00003924                __vector_16
                0x00003924                __vector_18
                0x00003924                __vector_20
 .text          0x00003928      0x3b6 main.o
                0x00003928                main
 .text          0x00003cde      0x2cc usbdrvasm.o
                0x00003d10                __vector_1
                0x00003cde                usbCrc16
                0x00003d08                usbCrc16Append
 .text          0x00003faa        0x0 d:/winavr/bin/../lib/gcc/avr/4.3.2/avr5\libgcc.a(_exit.o)
 .text          0x00003faa        0x0 d:/winavr/bin/../lib/gcc/avr/4.3.2/avr5\libgcc.a(_copy_data.o)
 .text          0x00003faa        0x0 d:/winavr/bin/../lib/gcc/avr/4.3.2/avr5\libgcc.a(_clear_bss.o)
                0x00003faa                . = ALIGN (0x2)
 *(.text.*)
 .text.libgcc   0x00003faa        0x0 d:/winavr/bin/../lib/gcc/avr/4.3.2/avr5\libgcc.a(_exit.o)
 .text.libgcc   0x00003faa        0x0 d:/winavr/bin/../lib/gcc/avr/4.3.2/avr5\libgcc.a(_copy_data.o)
 .text.libgcc   0x00003faa        0x0 d:/winavr/bin/../lib/gcc/avr/4.3.2/avr5\libgcc.a(_clear_bss.o)
                0x00003faa                . = ALIGN (0x2)
 *(.fini9)
 .fini9         0x00003faa        0x0 d:/winavr/bin/../lib/gcc/avr/4.3.2/avr5\libgcc.a(_exit.o)
                0x00003faa                exit
                0x00003faa                _exit
 *(.fini9)
 *(.fini8)
 *(.fini8)
 *(.fini7)
 *(.fini7)
 *(.fini6)
 *(.fini6)
 *(.fini5)
 *(.fini5)
 *(.fini4)
 *(.fini4)
 *(.fini3)
 *(.fini3)
 *(.fini2)
 *(.fini2)
 *(.fini1)
 *(.fini1)
 *(.fini0)
 .fini0         0x00003faa        0x4 d:/winavr/bin/../lib/gcc/avr/4.3.2/avr5\libgcc.a(_exit.o)
 *(.fini0)
                0x00003fae                _etext = .

.data           0x00800100        0xa load address 0x00003fae
                0x00800100                PROVIDE (__data_start, .)
 *(.data)
 .data          0x00800100        0x0 d:/winavr/bin/../lib/gcc/avr/4.3.2/../../../../avr/lib/avr5/crtm168.o
 .data          0x00800100        0x9 main.o
                0x00800100                usbTxLen
 .data          0x00800109        0x0 usbdrvasm.o
 .data          0x00800109        0x0 d:/winavr/bin/../lib/gcc/avr/4.3.2/avr5\libgcc.a(_exit.o)
 .data          0x00800109        0x0 d:/winavr/bin/../lib/gcc/avr/4.3.2/avr5\libgcc.a(_copy_data.o)
 .data          0x00800109        0x0 d:/winavr/bin/../lib/gcc/avr/4.3.2/avr5\libgcc.a(_clear_bss.o)
 *(.data*)
 *(.rodata)
 *(.rodata*)
 *(.gnu.linkonce.d*)
                0x0080010a                . = ALIGN (0x2)
 *fill*         0x00800109        0x1 00
                0x0080010a                _edata = .
                0x0080010a                PROVIDE (__data_end, .)

.bss            0x0080010a       0x31
                0x0080010a                PROVIDE (__bss_start, .)
 *(.bss)
 .bss           0x0080010a        0x0 d:/winavr/bin/../lib/gcc/avr/4.3.2/../../../../avr/lib/avr5/crtm168.o
 .bss           0x0080010a        0x7 main.o
 .bss           0x00800111        0x0 usbdrvasm.o
 .bss           0x00800111        0x0 d:/winavr/bin/../lib/gcc/avr/4.3.2/avr5\libgcc.a(_exit.o)
 .bss           0x00800111        0x0 d:/winavr/bin/../lib/gcc/avr/4.3.2/avr5\libgcc.a(_copy_data.o)
 .bss           0x00800111        0x0 d:/winavr/bin/../lib/gcc/avr/4.3.2/avr5\libgcc.a(_clear_bss.o)
 *(.bss*)
 *(COMMON)
 COMMON         0x00800111       0x2a main.o
                0x00800111                usbTxBuf
                0x0080011c                usbDeviceAddr
                0x0080011d                usbRxToken
                0x0080011e                usbInputBufOffset
                0x0080011f                usbMsgPtr
                0x00800121                usbRxLen
                0x00800122                usbNewDeviceAddr
                0x00800123                usbCurrentTok
                0x00800124                usbConfiguration
                0x00800125                usbRxBuf
                0x0080013b                PROVIDE (__bss_end, .)
                0x00003fae                __data_load_start = LOADADDR (.data)
                0x00003fb8                __data_load_end = (__data_load_start + SIZEOF (.data))

.noinit         0x0080013b        0x0
                0x0080013b                PROVIDE (__noinit_start, .)
 *(.noinit*)
                0x0080013b                PROVIDE (__noinit_end, .)
                0x0080013b                _end = .
                0x0080013b                PROVIDE (__heap_start, .)

.eeprom         0x00810000        0x0
 *(.eeprom*)
                0x00810000                __eeprom_end = .

.fuse
 *(.fuse)
 *(.lfuse)
 *(.hfuse)
 *(.efuse)

.lock
 *(.lock*)

.signature
 *(.signature*)

.stab
 *(.stab)

.stabstr
 *(.stabstr)

.stab.excl
 *(.stab.excl)

.stab.exclstr
 *(.stab.exclstr)

.stab.index
 *(.stab.index)

.stab.indexstr
 *(.stab.indexstr)

.comment
 *(.comment)

.debug
 *(.debug)

.line
 *(.line)

.debug_srcinfo
 *(.debug_srcinfo)

.debug_sfnames
 *(.debug_sfnames)

.debug_aranges  0x00000000       0x20
 *(.debug_aranges)
 .debug_aranges
                0x00000000       0x20 main.o

.debug_pubnames
                0x00000000      0x177
 *(.debug_pubnames)
 .debug_pubnames
                0x00000000      0x177 main.o

.debug_info     0x00000000      0xc4b
 *(.debug_info)
 .debug_info    0x00000000      0xc4b main.o
 *(.gnu.linkonce.wi.*)

.debug_abbrev   0x00000000      0x2eb
 *(.debug_abbrev)
 .debug_abbrev  0x00000000      0x2eb main.o

.debug_line     0x00000000      0x5ea
 *(.debug_line)
 .debug_line    0x00000000      0x5ea main.o

.debug_frame    0x00000000       0x20
 *(.debug_frame)
 .debug_frame   0x00000000       0x20 main.o

.debug_str      0x00000000      0x47a
 *(.debug_str)
 .debug_str     0x00000000      0x47a main.o
                                0x4bc (size before relaxing)

.debug_loc      0x00000000      0x4a8
 *(.debug_loc)
 .debug_loc     0x00000000      0x4a8 main.o

.debug_macinfo
 *(.debug_macinfo)
OUTPUT(RAbootloader.elf elf32-avr)
LOAD linker stubs

.debug_ranges   0x00000000      0x218
 .debug_ranges  0x00000000      0x218 main.o
